CosmoData(redshift=[5.0]), trees anchored at z0=5, M0=3e10
  ZH  numba                                    M(z=10)/M0 median 0.0369 [16,84 = 0.013, 0.082]  M(z=15)/M0 0.00126  identical trees? False
  PCH08 numba                                  M(z=10)/M0 median 0.401 [16,84 = 0.4, 0.4]  M(z=15)/M0 0.163  identical trees? False
  PCH08 numpy                                  M(z=10)/M0 median 0.405 [16,84 = 0.4, 0.41]  M(z=15)/M0 0.166  identical trees? False
CosmoData(redshift=[0.0]), trees anchored at z0=5, M0=3e10
  ZH  numba                                    M(z=10)/M0 median 0.038 [16,84 = 0.013, 0.074]  M(z=15)/M0 0.00175  identical trees? False
  PCH08 numba                                  M(z=10)/M0 median 0.401 [16,84 = 0.4, 0.4]  M(z=15)/M0 0.163  identical trees? False
  PCH08 numpy                                  M(z=10)/M0 median 0.405 [16,84 = 0.4, 0.4]  M(z=15)/M0 0.166  identical trees? False
Correa+15-type expectation for a 3e10 halo at z=5: M(z=10)/M0 of order 0.05-0.2 (the ZH value is the fiducial)
A. standard anchor z0=0, M0=1e12 (P(k) at z=0): M(z)/M0 median [16,84]
   z=1.0:  ZH 0.429 [0.3,0.73]   PCH08 0.843 [0.84,0.84]
   z=2.0:  ZH 0.204 [0.11,0.32]   PCH08 0.693 [0.69,0.69]
B. anchor z0=5 (P(k) at z=5), M(z=10)/M0 for several halo masses
   M0=3e+10: ZH 0.0441 [0.018,0.077]   PCH08 0.401 [0.4,0.4]
   M0=3e+11: ZH 0.0241 [0.009,0.042]   PCH08 0.38 [0.38,0.38]
   M0=3e+12: ZH 0.0135 [0.0045,0.026]   PCH08 0.348 [0.35,0.35]
   M0=3e+13: ZH 0.00562 [0.0027,0.013]   PCH08 0.303 [0.3,0.3]
C. PCH08, M0=3e10, z0=5: dependence on dz and M_res
   dz=0.02: 0.402 [0.4,0.4]
   dz=0.05: 0.401 [0.4,0.4]
   dz=0.1: 0.399 [0.4,0.4]
   dz=0.2: 0.396 [0.4,0.4]
   M_res=1e+03: 0.401 [0.4,0.4]
   M_res=1e+04: 0.401 [0.4,0.4]
   M_res=1e+06: 0.386 [0.37,0.39]
PCH08 M_res=1e+04: fraction of steps with a resolved merger   2.38%;  total merged mass / total smooth mass 4.67e-07;  M(z=1)/M0 median 0.843 [0.843,0.843]
PCH08 M_res=1e+08: fraction of steps with a resolved merger  42.62%;  total merged mass / total smooth mass 0.135;  M(z=1)/M0 median 0.809 [0.793,0.812]
PCH08 M_res=1e+10: fraction of steps with a resolved merger  11.88%;  total merged mass / total smooth mass 1.04;  M(z=1)/M0 median 0.528 [0.380,0.692]
ZH    M_res=1e+04: fraction of steps with a resolved merger  41.29%;  total merged mass / total smooth mass 4.47;  M(z=1)/M0 median 0.507 [0.288,0.725]
ZH    M_res=1e+08: fraction of steps with a resolved merger  34.33%;  total merged mass / total smooth mass 3.22;  M(z=1)/M0 median 0.497 [0.310,0.698]
ZH    M_res=1e+10: fraction of steps with a resolved merger  14.46%;  total merged mass / total smooth mass 1.64;  M(z=1)/M0 median 0.408 [0.292,0.632]
