saved /Users/00075868/Codes/Ashvini/scripts/paper_figures/output/c18_eta_eps_results.json in 89s

######## M0=3e+10, cell = ALL FEEDBACK OFF ########
  eta_acc  eps_sf  eta/eps | seed 1e3: R median [16,84] (R/(eta/eps)), dBH/dM*_nuc, nuc share, Edd-capped steps/mass | seed 1e7: R (R/(eta/eps)) | phase crossing z<=7 (z 7-10)
  0.001   0.0300  0.033   | 2.769e-02 [2.5e-02,3.0e-02] (0.83), 0.031, 0.90, 39.5%/8.4% | 3.271e-02 (0.98) | 0.0262 (0.0292)
  0.001   0.0150  0.067   | 5.878e-02 [5.3e-02,6.2e-02] (0.88), 0.063, 0.94, 42.0%/5.8% | 6.564e-02 (0.98) | 0.0724 (0.0727)
  0.001   0.0075  0.133   | 1.220e-01 [1.1e-01,1.3e-01] (0.92), 0.127, 0.96, 43.8%/4.8% | 1.319e-01 (0.99) | 0.134 (0.133)
  0.005   0.0300  0.167   | 1.247e-01 [1.1e-01,1.4e-01] (0.75), 0.140, 0.89, 50.0%/13.2% | 1.508e-01 (0.90) | 0.13 (0.138)
  0.005   0.0150  0.333   | 2.628e-01 [2.2e-01,3.0e-01] (0.79), 0.284, 0.93, 52.6%/9.4% | 3.120e-01 (0.94) | 0.318 (0.303)
  0.005   0.0075  0.667   | 5.461e-01 [4.6e-01,6.1e-01] (0.82), 0.575, 0.95, 54.5%/8.3% | 6.365e-01 (0.95) | 0.734 (0.689)
  0.020   0.0300  0.667   | 4.008e-01 [3.0e-01,5.1e-01] (0.60), 0.460, 0.86, 57.4%/21.0% | 5.629e-01 (0.84) | 0.54 (0.649)
  0.020   0.0150  1.333   | 8.204e-01 [6.2e-01,1.0e+00] (0.62), 0.900, 0.90, 59.9%/18.9% | 1.170e+00 (0.88) | 1.25 (1.26)
  0.020   0.0075  2.667   | 1.618e+00 [1.2e+00,2.1e+00] (0.61), 1.756, 0.92, 61.9%/16.8% | 2.398e+00 (0.90) | 2.32 (2.31)
  seed 1000: log-log slope of median R against eta/eps = 0.91, intercept factor c = 0.67; two grid points with ratio 0.667 give R = 5.461e-01 and 4.008e-01
  seed 1e+07: log-log slope of median R against eta/eps = 0.97, intercept factor c = 0.90; two grid points with ratio 0.667 give R = 6.365e-01 and 5.629e-01

######## M0=3e+10, cell = AGN + stellar wind on ########
  eta_acc  eps_sf  eta/eps | seed 1e3: R median [16,84] (R/(eta/eps)), dBH/dM*_nuc, nuc share, Edd-capped steps/mass | seed 1e7: R (R/(eta/eps)) | phase crossing z<=7 (z 7-10)
  0.001   0.0300  0.033   | 1.348e-02 [1.1e-02,1.5e-02] (0.40), 0.021, 0.65, 19.7%/30.9% | 8.667e-02 (2.60) | 0.0164 (0.0121)
  0.001   0.0150  0.067   | 2.878e-02 [2.4e-02,3.4e-02] (0.43), 0.044, 0.68, 21.9%/31.2% | 1.399e-01 (2.10) | 0.0392 (0.0284)
  0.001   0.0075  0.133   | 5.892e-02 [4.9e-02,7.0e-02] (0.44), 0.087, 0.70, 23.9%/30.8% | 2.450e-01 (1.84) | 0.0766 (0.0578)
  0.005   0.0300  0.167   | 3.843e-02 [3.0e-02,4.5e-02] (0.23), 0.067, 0.58, 25.4%/38.4% | 2.101e-01 (1.26) | 0.0498 (0.0346)
  0.005   0.0150  0.333   | 7.228e-02 [5.4e-02,8.9e-02] (0.22), 0.120, 0.61, 27.4%/39.6% | 3.731e-01 (1.12) | 0.12 (0.0679)
  0.005   0.0075  0.667   | 1.310e-01 [9.6e-02,1.7e-01] (0.20), 0.212, 0.63, 29.0%/42.4% | 6.955e-01 (1.04) | 0.213 (0.138)
  0.020   0.0300  0.667   | 7.011e-02 [4.9e-02,9.1e-02] (0.11), 0.128, 0.56, 28.7%/44.3% | 4.667e-01 (0.70) | 0.142 (0.0681)
  0.020   0.0150  1.333   | 1.204e-01 [8.1e-02,1.7e-01] (0.09), 0.206, 0.60, 30.2%/44.4% | 8.647e-01 (0.65) | 0.266 (0.126)
  0.020   0.0075  2.667   | 2.076e-01 [1.4e-01,3.0e-01] (0.08), 0.330, 0.64, 31.5%/47.1% | 1.658e+00 (0.62) | 0.428 (0.237)
  seed 1000: log-log slope of median R against eta/eps = 0.56, intercept factor c = 0.12; two grid points with ratio 0.667 give R = 1.310e-01 and 7.011e-02
  seed 1e+07: log-log slope of median R against eta/eps = 0.65, intercept factor c = 0.77; two grid points with ratio 0.667 give R = 6.955e-01 and 4.667e-01

######## M0=3e+11, cell = ALL FEEDBACK OFF ########
  eta_acc  eps_sf  eta/eps | seed 1e3: R median [16,84] (R/(eta/eps)), dBH/dM*_nuc, nuc share, Edd-capped steps/mass | seed 1e7: R (R/(eta/eps)) | phase crossing z<=7 (z 7-10)
  0.001   0.0300  0.033   | 2.217e-02 [1.8e-02,2.6e-02] (0.67), 0.026, 0.84, 52.1%/21.0% | 2.784e-02 (0.84) | 0.0227 (0.0282)
  0.001   0.0150  0.067   | 4.822e-02 [4.0e-02,5.7e-02] (0.72), 0.053, 0.91, 55.3%/16.2% | 6.028e-02 (0.90) | 0.0688 (0.0683)
  0.001   0.0075  0.133   | 1.010e-01 [8.4e-02,1.2e-01] (0.76), 0.107, 0.94, 58.2%/12.4% | 1.259e-01 (0.94) | 0.133 (0.13)
  0.005   0.0300  0.167   | 9.029e-02 [6.9e-02,1.1e-01] (0.54), 0.106, 0.83, 60.9%/26.2% | 1.337e-01 (0.80) | 0.126 (0.132)
  0.005   0.0150  0.333   | 1.903e-01 [1.4e-01,2.5e-01] (0.57), 0.211, 0.89, 64.1%/23.2% | 2.907e-01 (0.87) | 0.237 (0.339)
  0.005   0.0075  0.667   | 3.734e-01 [2.8e-01,5.1e-01] (0.56), 0.401, 0.93, 66.9%/20.7% | 6.093e-01 (0.91) | 0.719 (0.739)
  0.020   0.0300  0.667   | 2.407e-01 [1.8e-01,3.4e-01] (0.36), 0.291, 0.81, 67.3%/37.4% | 4.823e-01 (0.72) | 0.401 (0.634)
  0.020   0.0150  1.333   | 4.519e-01 [3.2e-01,6.8e-01] (0.34), 0.524, 0.87, 70.1%/36.7% | 1.040e+00 (0.78) | 1.06 (none)
  0.020   0.0075  2.667   | 8.205e-01 [5.3e-01,1.3e+00] (0.31), 0.908, 0.91, 72.5%/36.1% | 2.165e+00 (0.81) | 2.21 (2.43)
  seed 1000: log-log slope of median R against eta/eps = 0.79, intercept factor c = 0.40; two grid points with ratio 0.667 give R = 3.734e-01 and 2.407e-01
  seed 1e+07: log-log slope of median R against eta/eps = 0.98, intercept factor c = 0.82; two grid points with ratio 0.667 give R = 6.093e-01 and 4.823e-01

######## M0=3e+11, cell = AGN + stellar wind on ########
  eta_acc  eps_sf  eta/eps | seed 1e3: R median [16,84] (R/(eta/eps)), dBH/dM*_nuc, nuc share, Edd-capped steps/mass | seed 1e7: R (R/(eta/eps)) | phase crossing z<=7 (z 7-10)
  0.001   0.0300  0.033   | 1.871e-02 [1.6e-02,2.1e-02] (0.56), 0.024, 0.78, 33.6%/27.4% | 2.741e-02 (0.82) | 0.0248 (0.0157)
  0.001   0.0150  0.067   | 3.871e-02 [3.3e-02,4.2e-02] (0.58), 0.049, 0.79, 36.8%/24.4% | 5.250e-02 (0.79) | 0.0495 (0.0402)
  0.001   0.0075  0.133   | 7.306e-02 [6.4e-02,8.4e-02] (0.55), 0.092, 0.80, 39.6%/24.3% | 1.017e-01 (0.76) | 0.099 (0.0797)
  0.005   0.0300  0.167   | 5.794e-02 [4.5e-02,7.2e-02] (0.35), 0.081, 0.73, 40.9%/35.2% | 9.075e-02 (0.54) | 0.085 (0.0624)
  0.005   0.0150  0.333   | 1.057e-01 [8.2e-02,1.3e-01] (0.32), 0.141, 0.74, 43.1%/36.5% | 1.652e-01 (0.50) | 0.159 (0.111)
  0.005   0.0075  0.667   | 1.764e-01 [1.4e-01,2.4e-01] (0.26), 0.234, 0.75, 44.6%/35.2% | 3.091e-01 (0.46) | 0.295 (0.22)
  0.020   0.0300  0.667   | 1.055e-01 [7.6e-02,1.5e-01] (0.16), 0.149, 0.71, 45.1%/45.5% | 2.077e-01 (0.31) | 0.22 (0.169)
  0.020   0.0150  1.333   | 1.735e-01 [1.2e-01,2.5e-01] (0.13), 0.236, 0.72, 46.3%/43.8% | 3.659e-01 (0.27) | 0.377 (0.291)
  0.020   0.0075  2.667   | 2.746e-01 [2.0e-01,4.3e-01] (0.10), 0.363, 0.75, 47.3%/45.1% | 6.654e-01 (0.25) | 0.657 (0.334)
  seed 1000: log-log slope of median R against eta/eps = 0.57, intercept factor c = 0.17; two grid points with ratio 0.667 give R = 1.764e-01 and 1.055e-01
  seed 1e+07: log-log slope of median R against eta/eps = 0.69, intercept factor c = 0.33; two grid points with ratio 0.667 give R = 3.091e-01 and 2.077e-01
